// Jest Snapshot v1, https://goo.gl/fbAQLP

exports[`App should render correctly 1`] = `
ShallowWrapper {
  "length": 1,
  Symbol(enzyme.__root__): [Circular],
  Symbol(enzyme.__unrendered__): <App />,
  Symbol(enzyme.__renderer__): Object {
    "batchedUpdates": [Function],
    "getNode": [Function],
    "render": [Function],
    "simulateEvent": [Function],
    "unmount": [Function],
  },
  Symbol(enzyme.__node__): Object {
    "instance": null,
    "key": undefined,
    "nodeType": "host",
    "props": Object {
      "children": Array [
        <Icons
          toggleCarousel={[Function]}
        />,
        <div
          id="showCarousel1"
          onClick={[Function]}
        />,
        null,
        null,
        <div
          id="breadcrumbs"
        >
           
          Home / 
          
           / 
          
        </div>,
        <div
          id="hostelName"
        >
           
          
           
        </div>,
        <div
          id="location"
        >
          <i
            className="fas fa-map-marker-alt"
          />
          
          , 
          
          ,
           
          
        </div>,
        <Modal />,
        null,
      ],
    },
    "ref": null,
    "rendered": Array [
      Object {
        "instance": null,
        "key": undefined,
        "nodeType": "class",
        "props": Object {
          "currency": undefined,
          "guests": undefined,
          "languages": undefined,
          "toggleCarousel": [Function],
        },
        "ref": null,
        "rendered": null,
        "type": [Function],
      },
      Object {
        "instance": null,
        "key": undefined,
        "nodeType": "host",
        "props": Object {
          "id": "showCarousel1",
          "onClick": [Function],
        },
        "ref": null,
        "rendered": null,
        "type": "div",
      },
      null,
      null,
      Object {
        "instance": null,
        "key": undefined,
        "nodeType": "host",
        "props": Object {
          "children": Array [
            " ",
            "Home / ",
            "",
            " / ",
            "",
          ],
          "id": "breadcrumbs",
        },
        "ref": null,
        "rendered": Array [
          " ",
          "Home / ",
          "",
          " / ",
          "",
        ],
        "type": "div",
      },
      Object {
        "instance": null,
        "key": undefined,
        "nodeType": "host",
        "props": Object {
          "children": Array [
            " ",
            "",
            " ",
          ],
          "id": "hostelName",
        },
        "ref": null,
        "rendered": Array [
          " ",
          "",
          " ",
        ],
        "type": "div",
      },
      Object {
        "instance": null,
        "key": undefined,
        "nodeType": "host",
        "props": Object {
          "children": Array [
            <i
              className="fas fa-map-marker-alt"
            />,
            "",
            ", ",
            "",
            ",",
            " ",
            "",
          ],
          "id": "location",
        },
        "ref": null,
        "rendered": Array [
          Object {
            "instance": null,
            "key": undefined,
            "nodeType": "host",
            "props": Object {
              "className": "fas fa-map-marker-alt",
            },
            "ref": null,
            "rendered": null,
            "type": "i",
          },
          "",
          ", ",
          "",
          ",",
          " ",
          "",
        ],
        "type": "div",
      },
      Object {
        "instance": null,
        "key": undefined,
        "nodeType": "class",
        "props": Object {},
        "ref": null,
        "rendered": null,
        "type": [Function],
      },
      null,
    ],
    "type": "div",
  },
  Symbol(enzyme.__nodes__): Array [
    Object {
      "instance": null,
      "key": undefined,
      "nodeType": "host",
      "props": Object {
        "children": Array [
          <Icons
            toggleCarousel={[Function]}
          />,
          <div
            id="showCarousel1"
            onClick={[Function]}
          />,
          null,
          null,
          <div
            id="breadcrumbs"
          >
             
            Home / 
            
             / 
            
          </div>,
          <div
            id="hostelName"
          >
             
            
             
          </div>,
          <div
            id="location"
          >
            <i
              className="fas fa-map-marker-alt"
            />
            
            , 
            
            ,
             
            
          </div>,
          <Modal />,
          null,
        ],
      },
      "ref": null,
      "rendered": Array [
        Object {
          "instance": null,
          "key": undefined,
          "nodeType": "class",
          "props": Object {
            "currency": undefined,
            "guests": undefined,
            "languages": undefined,
            "toggleCarousel": [Function],
          },
          "ref": null,
          "rendered": null,
          "type": [Function],
        },
        Object {
          "instance": null,
          "key": undefined,
          "nodeType": "host",
          "props": Object {
            "id": "showCarousel1",
            "onClick": [Function],
          },
          "ref": null,
          "rendered": null,
          "type": "div",
        },
        null,
        null,
        Object {
          "instance": null,
          "key": undefined,
          "nodeType": "host",
          "props": Object {
            "children": Array [
              " ",
              "Home / ",
              "",
              " / ",
              "",
            ],
            "id": "breadcrumbs",
          },
          "ref": null,
          "rendered": Array [
            " ",
            "Home / ",
            "",
            " / ",
            "",
          ],
          "type": "div",
        },
        Object {
          "instance": null,
          "key": undefined,
          "nodeType": "host",
          "props": Object {
            "children": Array [
              " ",
              "",
              " ",
            ],
            "id": "hostelName",
          },
          "ref": null,
          "rendered": Array [
            " ",
            "",
            " ",
          ],
          "type": "div",
        },
        Object {
          "instance": null,
          "key": undefined,
          "nodeType": "host",
          "props": Object {
            "children": Array [
              <i
                className="fas fa-map-marker-alt"
              />,
              "",
              ", ",
              "",
              ",",
              " ",
              "",
            ],
            "id": "location",
          },
          "ref": null,
          "rendered": Array [
            Object {
              "instance": null,
              "key": undefined,
              "nodeType": "host",
              "props": Object {
                "className": "fas fa-map-marker-alt",
              },
              "ref": null,
              "rendered": null,
              "type": "i",
            },
            "",
            ", ",
            "",
            ",",
            " ",
            "",
          ],
          "type": "div",
        },
        Object {
          "instance": null,
          "key": undefined,
          "nodeType": "class",
          "props": Object {},
          "ref": null,
          "rendered": null,
          "type": [Function],
        },
        null,
      ],
      "type": "div",
    },
  ],
  Symbol(enzyme.__options__): Object {
    "adapter": ReactSixteenAdapter {
      "options": Object {
        "enableComponentDidUpdateOnSetState": true,
      },
    },
  },
}
`;
